Archive member included because of file (symbol)

d:/imt/00-tools/03-imt sdk/03- imt sdk/imt_sdk_win_64/winavr/bin/../lib/gcc/avr/4.3.3/avr5\libgcc.a(_udivmodsi4.o)
                              ./HALL/HCLCD/HCLCD_Program.o (__udivmodsi4)
d:/imt/00-tools/03-imt sdk/03- imt sdk/imt_sdk_win_64/winavr/bin/../lib/gcc/avr/4.3.3/avr5\libgcc.a(_exit.o)
                              d:/imt/00-tools/03-imt sdk/03- imt sdk/imt_sdk_win_64/winavr/bin/../lib/gcc/avr/4.3.3/../../../../avr/lib/avr5/crtm32.o (exit)
d:/imt/00-tools/03-imt sdk/03- imt sdk/imt_sdk_win_64/winavr/bin/../lib/gcc/avr/4.3.3/avr5\libgcc.a(_copy_data.o)
                              ./Free_RTOS/tasks.o (__do_copy_data)
d:/imt/00-tools/03-imt sdk/03- imt sdk/imt_sdk_win_64/winavr/bin/../lib/gcc/avr/4.3.3/avr5\libgcc.a(_clear_bss.o)
                              ./MCAL/TIMER/TIMER_Program.o (__do_clear_bss)
d:/imt/00-tools/03-imt sdk/03- imt sdk/imt_sdk_win_64/winavr/bin/../lib/gcc/avr/4.3.3/../../../../avr/lib/avr5\libc.a(memcpy.o)
                              ./Free_RTOS/queue.o (memcpy)
d:/imt/00-tools/03-imt sdk/03- imt sdk/imt_sdk_win_64/winavr/bin/../lib/gcc/avr/4.3.3/../../../../avr/lib/avr5\libc.a(memset.o)
                              ./Free_RTOS/tasks.o (memset)
d:/imt/00-tools/03-imt sdk/03- imt sdk/imt_sdk_win_64/winavr/bin/../lib/gcc/avr/4.3.3/../../../../avr/lib/avr5\libc.a(strncpy.o)
                              ./Free_RTOS/tasks.o (strncpy)

Allocating common symbols
Common symbol       size              file

TIMER0_CallBack     0x2               ./MCAL/TIMER/TIMER_Program.o
SW_Flag             0x1               ./main.o
MADC_CallBack       0x2               ./MCAL/MADC/MADC_Program.o

Memory Configuration

Name             Origin             Length             Attributes
text             0x00000000         0x00020000         xr
data             0x00800060         0x0000ffa0         rw !x
eeprom           0x00810000         0x00010000         rw !x
fuse             0x00820000         0x00000400         rw !x
lock             0x00830000         0x00000400         rw !x
signature        0x00840000         0x00000400         rw !x
*default*        0x00000000         0xffffffff

Linker script and memory map

LOAD d:/imt/00-tools/03-imt sdk/03- imt sdk/imt_sdk_win_64/winavr/bin/../lib/gcc/avr/4.3.3/../../../../avr/lib/avr5/crtm32.o
LOAD ./MCAL/TIMER/TIMER_Program.o
LOAD ./MCAL/MGIE/MGIE_Program.o
LOAD ./MCAL/MDIO/MDIO_Program.o
LOAD ./MCAL/MADC/MADC_Program.o
LOAD ./HALL/HCLCD/HCLCD_Program.o
LOAD ./Free_RTOS/croutine.o
LOAD ./Free_RTOS/heap_1.o
LOAD ./Free_RTOS/list.o
LOAD ./Free_RTOS/port.o
LOAD ./Free_RTOS/queue.o
LOAD ./Free_RTOS/tasks.o
LOAD ./Free_RTOS/timers.o
LOAD ./main.o
LOAD d:/imt/00-tools/03-imt sdk/03- imt sdk/imt_sdk_win_64/winavr/bin/../lib/gcc/avr/4.3.3/avr5\libgcc.a
LOAD d:/imt/00-tools/03-imt sdk/03- imt sdk/imt_sdk_win_64/winavr/bin/../lib/gcc/avr/4.3.3/../../../../avr/lib/avr5\libc.a
LOAD d:/imt/00-tools/03-imt sdk/03- imt sdk/imt_sdk_win_64/winavr/bin/../lib/gcc/avr/4.3.3/avr5\libgcc.a

.hash
 *(.hash)

.dynsym
 *(.dynsym)

.dynstr
 *(.dynstr)

.gnu.version
 *(.gnu.version)

.gnu.version_d
 *(.gnu.version_d)

.gnu.version_r
 *(.gnu.version_r)

.rel.init
 *(.rel.init)

.rela.init
 *(.rela.init)

.rel.text
 *(.rel.text)
 *(.rel.text.*)
 *(.rel.gnu.linkonce.t*)

.rela.text
 *(.rela.text)
 *(.rela.text.*)
 *(.rela.gnu.linkonce.t*)

.rel.fini
 *(.rel.fini)

.rela.fini
 *(.rela.fini)

.rel.rodata
 *(.rel.rodata)
 *(.rel.rodata.*)
 *(.rel.gnu.linkonce.r*)

.rela.rodata
 *(.rela.rodata)
 *(.rela.rodata.*)
 *(.rela.gnu.linkonce.r*)

.rel.data
 *(.rel.data)
 *(.rel.data.*)
 *(.rel.gnu.linkonce.d*)

.rela.data
 *(.rela.data)
 *(.rela.data.*)
 *(.rela.gnu.linkonce.d*)

.rel.ctors
 *(.rel.ctors)

.rela.ctors
 *(.rela.ctors)

.rel.dtors
 *(.rel.dtors)

.rela.dtors
 *(.rela.dtors)

.rel.got
 *(.rel.got)

.rela.got
 *(.rela.got)

.rel.bss
 *(.rel.bss)

.rela.bss
 *(.rela.bss)

.rel.plt
 *(.rel.plt)

.rela.plt
 *(.rela.plt)

.text           0x00000000     0x23a6
 *(.vectors)
 .vectors       0x00000000       0x54 d:/imt/00-tools/03-imt sdk/03- imt sdk/imt_sdk_win_64/winavr/bin/../lib/gcc/avr/4.3.3/../../../../avr/lib/avr5/crtm32.o
                0x00000000                __vectors
                0x00000000                __vector_default
 *(.vectors)
 *(.progmem.gcc*)
 *(.progmem*)
                0x00000054                . = ALIGN (0x2)
                0x00000054                __trampolines_start = .
 *(.trampolines)
 .trampolines   0x00000054        0x0 linker stubs
 *(.trampolines*)
                0x00000054                __trampolines_end = .
 *(.jumptables)
 *(.jumptables*)
 *(.lowtext)
 *(.lowtext*)
                0x00000054                __ctors_start = .
 *(.ctors)
                0x00000054                __ctors_end = .
                0x00000054                __dtors_start = .
 *(.dtors)
                0x00000054                __dtors_end = .
 SORT(*)(.ctors)
 SORT(*)(.dtors)
 *(.init0)
 .init0         0x00000054        0x0 d:/imt/00-tools/03-imt sdk/03- imt sdk/imt_sdk_win_64/winavr/bin/../lib/gcc/avr/4.3.3/../../../../avr/lib/avr5/crtm32.o
                0x00000054                __init
 *(.init0)
 *(.init1)
 *(.init1)
 *(.init2)
 .init2         0x00000054        0xc d:/imt/00-tools/03-imt sdk/03- imt sdk/imt_sdk_win_64/winavr/bin/../lib/gcc/avr/4.3.3/../../../../avr/lib/avr5/crtm32.o
 *(.init2)
 *(.init3)
 *(.init3)
 *(.init4)
 .init4         0x00000060       0x16 d:/imt/00-tools/03-imt sdk/03- imt sdk/imt_sdk_win_64/winavr/bin/../lib/gcc/avr/4.3.3/avr5\libgcc.a(_copy_data.o)
                0x00000060                __do_copy_data
 .init4         0x00000076       0x10 d:/imt/00-tools/03-imt sdk/03- imt sdk/imt_sdk_win_64/winavr/bin/../lib/gcc/avr/4.3.3/avr5\libgcc.a(_clear_bss.o)
                0x00000076                __do_clear_bss
 *(.init4)
 *(.init5)
 *(.init5)
 *(.init6)
 *(.init6)
 *(.init7)
 *(.init7)
 *(.init8)
 *(.init8)
 *(.init9)
 .init9         0x00000086        0x8 d:/imt/00-tools/03-imt sdk/03- imt sdk/imt_sdk_win_64/winavr/bin/../lib/gcc/avr/4.3.3/../../../../avr/lib/avr5/crtm32.o
 *(.init9)
 *(.text)
 .text          0x0000008e        0x4 d:/imt/00-tools/03-imt sdk/03- imt sdk/imt_sdk_win_64/winavr/bin/../lib/gcc/avr/4.3.3/../../../../avr/lib/avr5/crtm32.o
                0x0000008e                __vector_1
                0x0000008e                __vector_12
                0x0000008e                __bad_interrupt
                0x0000008e                __vector_6
                0x0000008e                __vector_3
                0x0000008e                __vector_13
                0x0000008e                __vector_17
                0x0000008e                __vector_19
                0x0000008e                __vector_5
                0x0000008e                __vector_4
                0x0000008e                __vector_9
                0x0000008e                __vector_2
                0x0000008e                __vector_15
                0x0000008e                __vector_8
                0x0000008e                __vector_14
                0x0000008e                __vector_18
                0x0000008e                __vector_20
 .text          0x00000092        0x0 ./MCAL/TIMER/TIMER_Program.o
 .text          0x00000092        0x0 ./MCAL/MGIE/MGIE_Program.o
 .text          0x00000092        0x0 ./MCAL/MDIO/MDIO_Program.o
 .text          0x00000092        0x0 ./MCAL/MADC/MADC_Program.o
 .text          0x00000092        0x0 ./HALL/HCLCD/HCLCD_Program.o
 .text          0x00000092        0x0 ./Free_RTOS/croutine.o
 .text          0x00000092        0x0 ./Free_RTOS/heap_1.o
 .text          0x00000092        0x0 ./Free_RTOS/list.o
 .text          0x00000092        0x0 ./Free_RTOS/port.o
 .text          0x00000092        0x0 ./Free_RTOS/queue.o
 .text          0x00000092        0x0 ./Free_RTOS/tasks.o
 .text          0x00000092        0x0 ./Free_RTOS/timers.o
 .text          0x00000092        0x0 ./main.o
 .text          0x00000092        0x0 d:/imt/00-tools/03-imt sdk/03- imt sdk/imt_sdk_win_64/winavr/bin/../lib/gcc/avr/4.3.3/avr5\libgcc.a(_udivmodsi4.o)
 .text          0x00000092        0x0 d:/imt/00-tools/03-imt sdk/03- imt sdk/imt_sdk_win_64/winavr/bin/../lib/gcc/avr/4.3.3/avr5\libgcc.a(_exit.o)
 .text          0x00000092        0x0 d:/imt/00-tools/03-imt sdk/03- imt sdk/imt_sdk_win_64/winavr/bin/../lib/gcc/avr/4.3.3/avr5\libgcc.a(_copy_data.o)
 .text          0x00000092        0x0 d:/imt/00-tools/03-imt sdk/03- imt sdk/imt_sdk_win_64/winavr/bin/../lib/gcc/avr/4.3.3/avr5\libgcc.a(_clear_bss.o)
 .text          0x00000092        0x0 d:/imt/00-tools/03-imt sdk/03- imt sdk/imt_sdk_win_64/winavr/bin/../lib/gcc/avr/4.3.3/../../../../avr/lib/avr5\libc.a(memcpy.o)
 .text          0x00000092        0x0 d:/imt/00-tools/03-imt sdk/03- imt sdk/imt_sdk_win_64/winavr/bin/../lib/gcc/avr/4.3.3/../../../../avr/lib/avr5\libc.a(memset.o)
 .text          0x00000092        0x0 d:/imt/00-tools/03-imt sdk/03- imt sdk/imt_sdk_win_64/winavr/bin/../lib/gcc/avr/4.3.3/../../../../avr/lib/avr5\libc.a(strncpy.o)
                0x00000092                . = ALIGN (0x2)
 *(.text.*)
 .text.TIMER0_VidInit
                0x00000092       0x2c ./MCAL/TIMER/TIMER_Program.o
                0x00000092                TIMER0_VidInit
 .text.TIMER0_VidSetPreload
                0x000000be        0x4 ./MCAL/TIMER/TIMER_Program.o
                0x000000be                TIMER0_VidSetPreload
 .text.TIMER0_VidSetCTCValue
                0x000000c2        0x4 ./MCAL/TIMER/TIMER_Program.o
                0x000000c2                TIMER0_VidSetCTCValue
 .text.TIMER0_VidOVF_SetCallBack
                0x000000c6        0xa ./MCAL/TIMER/TIMER_Program.o
                0x000000c6                TIMER0_VidOVF_SetCallBack
 .text.TIMER0_VidCTC_SetCallBack
                0x000000d0        0xa ./MCAL/TIMER/TIMER_Program.o
                0x000000d0                TIMER0_VidCTC_SetCallBack
 .text.__vector_11
                0x000000da       0x4e ./MCAL/TIMER/TIMER_Program.o
                0x000000da                __vector_11
 .text.__vector_10
                0x00000128       0x4e ./MCAL/TIMER/TIMER_Program.o
                0x00000128                __vector_10
 .text.MGIE_VidEnable
                0x00000176        0x8 ./MCAL/MGIE/MGIE_Program.o
                0x00000176                MGIE_VidEnable
 .text.MGIE_VidDisable
                0x0000017e        0x8 ./MCAL/MGIE/MGIE_Program.o
                0x0000017e                MGIE_VidDisable
 .text.MDIO_Error_State_SetPinDirection
                0x00000186      0x100 ./MCAL/MDIO/MDIO_Program.o
                0x00000186                MDIO_Error_State_SetPinDirection
 .text.MDIO_Error_State_SetPortDirection
                0x00000286       0x32 ./MCAL/MDIO/MDIO_Program.o
                0x00000286                MDIO_Error_State_SetPortDirection
 .text.MDIO_Error_State_SetPinValue
                0x000002b8      0x100 ./MCAL/MDIO/MDIO_Program.o
                0x000002b8                MDIO_Error_State_SetPinValue
 .text.MDIO_Error_State_SetPortValue
                0x000003b8       0x28 ./MCAL/MDIO/MDIO_Program.o
                0x000003b8                MDIO_Error_State_SetPortValue
 .text.MDIO_Error_State_GetPinValue
                0x000003e0       0x46 ./MCAL/MDIO/MDIO_Program.o
                0x000003e0                MDIO_Error_State_GetPinValue
 .text.MDIO_Error_State_SetNippleValue
                0x00000426       0x9a ./MCAL/MDIO/MDIO_Program.o
                0x00000426                MDIO_Error_State_SetNippleValue
 .text.MADC_VidInit
                0x000004c0       0x16 ./MCAL/MADC/MADC_Program.o
                0x000004c0                MADC_VidInit
 .text.MADC_VidADCInterruptEnable
                0x000004d6        0x4 ./MCAL/MADC/MADC_Program.o
                0x000004d6                MADC_VidADCInterruptEnable
 .text.MADC_u16ADC_StartConversion
                0x000004da       0x1c ./MCAL/MADC/MADC_Program.o
                0x000004da                MADC_u16ADC_StartConversion
 .text.MADC_u16ADC_StartConversion_With_Interrupt
                0x000004f6       0x12 ./MCAL/MADC/MADC_Program.o
                0x000004f6                MADC_u16ADC_StartConversion_With_Interrupt
 .text.MADC_u16ADCRead
                0x00000508        0x8 ./MCAL/MADC/MADC_Program.o
                0x00000508                MADC_u16ADCRead
 .text.MADC_VidSetCallBack
                0x00000510        0xa ./MCAL/MADC/MADC_Program.o
                0x00000510                MADC_VidSetCallBack
 .text.__vector_16
                0x0000051a       0x4e ./MCAL/MADC/MADC_Program.o
                0x0000051a                __vector_16
 .text.HCLCD_VidWriteChar_4Bits
                0x00000568       0x40 ./HALL/HCLCD/HCLCD_Program.o
                0x00000568                HCLCD_VidWriteChar_4Bits
 .text.HCLCD_VidSendChar_4Bits
                0x000005a8       0x16 ./HALL/HCLCD/HCLCD_Program.o
                0x000005a8                HCLCD_VidSendChar_4Bits
 .text.HCLCD_VidWriteString_4Bits
                0x000005be       0x26 ./HALL/HCLCD/HCLCD_Program.o
                0x000005be                HCLCD_VidWriteString_4Bits
 .text.HCLCD_VidWriteCommand_4Bits
                0x000005e4       0x4a ./HALL/HCLCD/HCLCD_Program.o
                0x000005e4                HCLCD_VidWriteCommand_4Bits
 .text.HCLCD_VidSetPosition_4BitsMode
                0x0000062e       0x32 ./HALL/HCLCD/HCLCD_Program.o
                0x0000062e                HCLCD_VidSetPosition_4BitsMode
 .text.HCLCD_Vid4Bits_Init
                0x00000660       0x9c ./HALL/HCLCD/HCLCD_Program.o
                0x00000660                HCLCD_Vid4Bits_Init
 .text.HCLCD_VidWriteChar_8Bits
                0x000006fc       0x56 ./HALL/HCLCD/HCLCD_Program.o
                0x000006fc                HCLCD_VidWriteChar_8Bits
 .text.HCLCD_VidWriteNumber_4Bits
                0x00000752       0xd2 ./HALL/HCLCD/HCLCD_Program.o
                0x00000752                HCLCD_VidWriteNumber_4Bits
 .text.HCLCD_VidWriteNumber_8Bits
                0x00000824       0xd2 ./HALL/HCLCD/HCLCD_Program.o
                0x00000824                HCLCD_VidWriteNumber_8Bits
 .text.HCLCD_VidWriteString_8Bits
                0x000008f6       0x26 ./HALL/HCLCD/HCLCD_Program.o
                0x000008f6                HCLCD_VidWriteString_8Bits
 .text.HCLCD_VidWriteCommand_8Bits
                0x0000091c       0x56 ./HALL/HCLCD/HCLCD_Program.o
                0x0000091c                HCLCD_VidWriteCommand_8Bits
 .text.HCLCD_VidSetPosition
                0x00000972       0x24 ./HALL/HCLCD/HCLCD_Program.o
                0x00000972                HCLCD_VidSetPosition
 .text.HCLCD_Vid8Bits_Init
                0x00000996       0x68 ./HALL/HCLCD/HCLCD_Program.o
                0x00000996                HCLCD_Vid8Bits_Init
 .text.xCoRoutineRemoveFromEventList
                0x000009fe       0x4e ./Free_RTOS/croutine.o
                0x000009fe                xCoRoutineRemoveFromEventList
 .text.vCoRoutineSchedule
                0x00000a4c      0x1c0 ./Free_RTOS/croutine.o
                0x00000a4c                vCoRoutineSchedule
 .text.vCoRoutineAddToDelayedList
                0x00000c0c       0x7a ./Free_RTOS/croutine.o
                0x00000c0c                vCoRoutineAddToDelayedList
 .text.xCoRoutineCreate
                0x00000c86       0xf4 ./Free_RTOS/croutine.o
                0x00000c86                xCoRoutineCreate
 .text.vPortFree
                0x00000d7a        0x2 ./Free_RTOS/heap_1.o
                0x00000d7a                vPortFree
 .text.vPortInitialiseBlocks
                0x00000d7c        0xa ./Free_RTOS/heap_1.o
                0x00000d7c                vPortInitialiseBlocks
 .text.xPortGetFreeHeapSize
                0x00000d86       0x14 ./Free_RTOS/heap_1.o
                0x00000d86                xPortGetFreeHeapSize
 .text.pvPortMalloc
                0x00000d9a       0x4e ./Free_RTOS/heap_1.o
                0x00000d9a                pvPortMalloc
 .text.vListInitialise
                0x00000de8       0x20 ./Free_RTOS/list.o
                0x00000de8                vListInitialise
 .text.vListInitialiseItem
                0x00000e08        0x8 ./Free_RTOS/list.o
                0x00000e08                vListInitialiseItem
 .text.vListInsertEnd
                0x00000e10       0x52 ./Free_RTOS/list.o
                0x00000e10                vListInsertEnd
 .text.vListInsert
                0x00000e62       0x6a ./Free_RTOS/list.o
                0x00000e62                vListInsert
 .text.vListRemove
                0x00000ecc       0x50 ./Free_RTOS/list.o
                0x00000ecc                vListRemove
 .text.pxPortInitialiseStack
                0x00000f1c       0x90 ./Free_RTOS/port.o
                0x00000f1c                pxPortInitialiseStack
 .text.xPortStartScheduler
                0x00000fac       0x6a ./Free_RTOS/port.o
                0x00000fac                xPortStartScheduler
 .text.vPortEndScheduler
                0x00001016        0x2 ./Free_RTOS/port.o
                0x00001016                vPortEndScheduler
 .text.vPortYieldFromTick
                0x00001018       0xb6 ./Free_RTOS/port.o
                0x00001018                vPortYieldFromTick
 .text.__vector_7
                0x000010ce        0x6 ./Free_RTOS/port.o
                0x000010ce                __vector_7
 .text.vPortYield
                0x000010d4       0xb2 ./Free_RTOS/port.o
                0x000010d4                vPortYield
 .text.uxQueueMessagesWaiting
                0x00001186       0x10 ./Free_RTOS/queue.o
                0x00001186                uxQueueMessagesWaiting
 .text.uxQueueMessagesWaitingFromISR
                0x00001196        0x6 ./Free_RTOS/queue.o
                0x00001196                uxQueueMessagesWaitingFromISR
 .text.xQueueIsQueueEmptyFromISR
                0x0000119c       0x10 ./Free_RTOS/queue.o
                0x0000119c                xQueueIsQueueEmptyFromISR
 .text.xQueueIsQueueFullFromISR
                0x000011ac       0x12 ./Free_RTOS/queue.o
                0x000011ac                xQueueIsQueueFullFromISR
 .text.vQueueDelete
                0x000011be       0x1c ./Free_RTOS/queue.o
                0x000011be                vQueueDelete
 .text.xQueueReceiveFromISR
                0x000011da       0x7e ./Free_RTOS/queue.o
                0x000011da                xQueueReceiveFromISR
 .text.prvCopyDataToQueue
                0x00001258       0x82 ./Free_RTOS/queue.o
 .text.xQueueGenericSendFromISR
                0x000012da       0x50 ./Free_RTOS/queue.o
                0x000012da                xQueueGenericSendFromISR
 .text.prvUnlockQueue
                0x0000132a       0x80 ./Free_RTOS/queue.o
 .text.xQueueGenericReceive
                0x000013aa      0x198 ./Free_RTOS/queue.o
                0x000013aa                xQueueGenericReceive
 .text.xQueueGenericSend
                0x00001542      0x148 ./Free_RTOS/queue.o
                0x00001542                xQueueGenericSend
 .text.xQueueCreate
                0x0000168a       0xbe ./Free_RTOS/queue.o
                0x0000168a                xQueueCreate
 .text.xQueueCreateCountingSemaphore
                0x00001748       0x18 ./Free_RTOS/queue.o
                0x00001748                xQueueCreateCountingSemaphore
 .text.vTaskSuspendAll
                0x00001760        0xc ./Free_RTOS/tasks.o
                0x00001760                vTaskSuspendAll
 .text.xTaskGetTickCount
                0x0000176c       0x16 ./Free_RTOS/tasks.o
                0x0000176c                xTaskGetTickCount
 .text.xTaskGetTickCountFromISR
                0x00001782        0xc ./Free_RTOS/tasks.o
                0x00001782                xTaskGetTickCountFromISR
 .text.uxTaskGetNumberOfTasks
                0x0000178e        0x6 ./Free_RTOS/tasks.o
                0x0000178e                uxTaskGetNumberOfTasks
 .text.vTaskSwitchContext
                0x00001794       0x84 ./Free_RTOS/tasks.o
                0x00001794                vTaskSwitchContext
 .text.vTaskSetTimeOutState
                0x00001818       0x16 ./Free_RTOS/tasks.o
                0x00001818                vTaskSetTimeOutState
 .text.xTaskCheckForTimeOut
                0x0000182e       0x74 ./Free_RTOS/tasks.o
                0x0000182e                xTaskCheckForTimeOut
 .text.vTaskMissedYield
                0x000018a2        0x8 ./Free_RTOS/tasks.o
                0x000018a2                vTaskMissedYield
 .text.xTaskRemoveFromEventList
                0x000018aa       0x7e ./Free_RTOS/tasks.o
                0x000018aa                xTaskRemoveFromEventList
 .text.vTaskIncrementTick
                0x00001928      0x148 ./Free_RTOS/tasks.o
                0x00001928                vTaskIncrementTick
 .text.prvAddCurrentTaskToDelayedList
                0x00001a70       0x6e ./Free_RTOS/tasks.o
 .text.vTaskPlaceOnEventList
                0x00001ade       0x3a ./Free_RTOS/tasks.o
                0x00001ade                vTaskPlaceOnEventList
 .text.xTaskResumeAll
                0x00001b18       0xf6 ./Free_RTOS/tasks.o
                0x00001b18                xTaskResumeAll
 .text.vTaskDelay
                0x00001c0e       0x4e ./Free_RTOS/tasks.o
                0x00001c0e                vTaskDelay
 .text.vTaskDelayUntil
                0x00001c5c       0x78 ./Free_RTOS/tasks.o
                0x00001c5c                vTaskDelayUntil
 .text.vTaskDelete
                0x00001cd4       0x9a ./Free_RTOS/tasks.o
                0x00001cd4                vTaskDelete
 .text.vTaskEndScheduler
                0x00001d6e        0xc ./Free_RTOS/tasks.o
                0x00001d6e                vTaskEndScheduler
 .text.prvIdleTask
                0x00001d7a       0x66 ./Free_RTOS/tasks.o
 .text.xTaskGenericCreate
                0x00001de0      0x1fe ./Free_RTOS/tasks.o
                0x00001de0                xTaskGenericCreate
 .text.vTaskStartScheduler
                0x00001fde       0x56 ./Free_RTOS/tasks.o
                0x00001fde                vTaskStartScheduler
 .text.Task_WelcomeTap
                0x00002034       0xbe ./main.o
                0x00002034                Task_WelcomeTap
 .text.Task_WrongTap
                0x000020f2       0xb6 ./main.o
                0x000020f2                Task_WrongTap
 .text.Task_Pass
                0x000021a8       0xea ./main.o
                0x000021a8                Task_Pass
 .text.main     0x00002292       0x8e ./main.o
                0x00002292                main
 .text.libgcc   0x00002320       0x44 d:/imt/00-tools/03-imt sdk/03- imt sdk/imt_sdk_win_64/winavr/bin/../lib/gcc/avr/4.3.3/avr5\libgcc.a(_udivmodsi4.o)
                0x00002320                __udivmodsi4
 .text.libgcc   0x00002364        0x0 d:/imt/00-tools/03-imt sdk/03- imt sdk/imt_sdk_win_64/winavr/bin/../lib/gcc/avr/4.3.3/avr5\libgcc.a(_exit.o)
 .text.libgcc   0x00002364        0x0 d:/imt/00-tools/03-imt sdk/03- imt sdk/imt_sdk_win_64/winavr/bin/../lib/gcc/avr/4.3.3/avr5\libgcc.a(_copy_data.o)
 .text.libgcc   0x00002364        0x0 d:/imt/00-tools/03-imt sdk/03- imt sdk/imt_sdk_win_64/winavr/bin/../lib/gcc/avr/4.3.3/avr5\libgcc.a(_clear_bss.o)
 .text.avr-libc
                0x00002364       0x12 d:/imt/00-tools/03-imt sdk/03- imt sdk/imt_sdk_win_64/winavr/bin/../lib/gcc/avr/4.3.3/../../../../avr/lib/avr5\libc.a(memcpy.o)
                0x00002364                memcpy
 .text.avr-libc
                0x00002376        0xe d:/imt/00-tools/03-imt sdk/03- imt sdk/imt_sdk_win_64/winavr/bin/../lib/gcc/avr/4.3.3/../../../../avr/lib/avr5\libc.a(memset.o)
                0x00002376                memset
 .text.avr-libc
                0x00002384       0x1e d:/imt/00-tools/03-imt sdk/03- imt sdk/imt_sdk_win_64/winavr/bin/../lib/gcc/avr/4.3.3/../../../../avr/lib/avr5\libc.a(strncpy.o)
                0x00002384                strncpy
                0x000023a2                . = ALIGN (0x2)
 *(.fini9)
 .fini9         0x000023a2        0x0 d:/imt/00-tools/03-imt sdk/03- imt sdk/imt_sdk_win_64/winavr/bin/../lib/gcc/avr/4.3.3/avr5\libgcc.a(_exit.o)
                0x000023a2                exit
                0x000023a2                _exit
 *(.fini9)
 *(.fini8)
 *(.fini8)
 *(.fini7)
 *(.fini7)
 *(.fini6)
 *(.fini6)
 *(.fini5)
 *(.fini5)
 *(.fini4)
 *(.fini4)
 *(.fini3)
 *(.fini3)
 *(.fini2)
 *(.fini2)
 *(.fini1)
 *(.fini1)
 *(.fini0)
 .fini0         0x000023a2        0x4 d:/imt/00-tools/03-imt sdk/03- imt sdk/imt_sdk_win_64/winavr/bin/../lib/gcc/avr/4.3.3/avr5\libgcc.a(_exit.o)
 *(.fini0)
                0x000023a6                _etext = .

.data           0x00800060       0x66 load address 0x000023a6
                0x00800060                PROVIDE (__data_start, .)
 *(.data)
 .data          0x00800060        0x0 d:/imt/00-tools/03-imt sdk/03- imt sdk/imt_sdk_win_64/winavr/bin/../lib/gcc/avr/4.3.3/../../../../avr/lib/avr5/crtm32.o
 .data          0x00800060        0x0 ./MCAL/TIMER/TIMER_Program.o
 .data          0x00800060        0x0 ./MCAL/MGIE/MGIE_Program.o
 .data          0x00800060        0x0 ./MCAL/MDIO/MDIO_Program.o
 .data          0x00800060        0x0 ./MCAL/MADC/MADC_Program.o
 .data          0x00800060        0x0 ./HALL/HCLCD/HCLCD_Program.o
 .data          0x00800060        0x0 ./Free_RTOS/croutine.o
 .data          0x00800060        0x0 ./Free_RTOS/heap_1.o
 .data          0x00800060        0x0 ./Free_RTOS/list.o
 .data          0x00800060        0x0 ./Free_RTOS/port.o
 .data          0x00800060        0x0 ./Free_RTOS/queue.o
 .data          0x00800060        0x5 ./Free_RTOS/tasks.o
 .data          0x00800065        0x0 ./Free_RTOS/timers.o
 .data          0x00800065       0x57 ./main.o
 .data          0x008000bc        0x0 d:/imt/00-tools/03-imt sdk/03- imt sdk/imt_sdk_win_64/winavr/bin/../lib/gcc/avr/4.3.3/avr5\libgcc.a(_udivmodsi4.o)
 .data          0x008000bc        0x0 d:/imt/00-tools/03-imt sdk/03- imt sdk/imt_sdk_win_64/winavr/bin/../lib/gcc/avr/4.3.3/avr5\libgcc.a(_exit.o)
 .data          0x008000bc        0x0 d:/imt/00-tools/03-imt sdk/03- imt sdk/imt_sdk_win_64/winavr/bin/../lib/gcc/avr/4.3.3/avr5\libgcc.a(_copy_data.o)
 .data          0x008000bc        0x0 d:/imt/00-tools/03-imt sdk/03- imt sdk/imt_sdk_win_64/winavr/bin/../lib/gcc/avr/4.3.3/avr5\libgcc.a(_clear_bss.o)
 .data          0x008000bc        0x0 d:/imt/00-tools/03-imt sdk/03- imt sdk/imt_sdk_win_64/winavr/bin/../lib/gcc/avr/4.3.3/../../../../avr/lib/avr5\libc.a(memcpy.o)
 .data          0x008000bc        0x0 d:/imt/00-tools/03-imt sdk/03- imt sdk/imt_sdk_win_64/winavr/bin/../lib/gcc/avr/4.3.3/../../../../avr/lib/avr5\libc.a(memset.o)
 .data          0x008000bc        0x0 d:/imt/00-tools/03-imt sdk/03- imt sdk/imt_sdk_win_64/winavr/bin/../lib/gcc/avr/4.3.3/../../../../avr/lib/avr5\libc.a(strncpy.o)
 *(.data*)
 .data.xNextTaskUnblockTime
                0x008000bc        0x2 ./Free_RTOS/tasks.o
 .data.Num      0x008000be        0x1 ./main.o
                0x008000be                Num
 .data.Task_Flag
                0x008000bf        0x1 ./main.o
                0x008000bf                Task_Flag
 .data.wrongInputRemain
                0x008000c0        0x1 ./main.o
                0x008000c0                wrongInputRemain
 .data.password
                0x008000c1        0x4 ./main.o
                0x008000c1                password
 *(.rodata)
 *(.rodata*)
 *(.gnu.linkonce.d*)
                0x008000c6                . = ALIGN (0x2)
 *fill*         0x008000c5        0x1 00
                0x008000c6                _edata = .
                0x008000c6                PROVIDE (__data_end, .)

.bss            0x008000c6      0x493
                0x008000c6                PROVIDE (__bss_start, .)
 *(.bss)
 .bss           0x008000c6        0x0 d:/imt/00-tools/03-imt sdk/03- imt sdk/imt_sdk_win_64/winavr/bin/../lib/gcc/avr/4.3.3/../../../../avr/lib/avr5/crtm32.o
 .bss           0x008000c6        0x0 ./MCAL/TIMER/TIMER_Program.o
 .bss           0x008000c6        0x0 ./MCAL/MGIE/MGIE_Program.o
 .bss           0x008000c6        0x0 ./MCAL/MDIO/MDIO_Program.o
 .bss           0x008000c6        0x0 ./MCAL/MADC/MADC_Program.o
 .bss           0x008000c6        0x0 ./HALL/HCLCD/HCLCD_Program.o
 .bss           0x008000c6        0x0 ./Free_RTOS/croutine.o
 .bss           0x008000c6        0x0 ./Free_RTOS/heap_1.o
 .bss           0x008000c6        0x0 ./Free_RTOS/list.o
 .bss           0x008000c6        0x0 ./Free_RTOS/port.o
 .bss           0x008000c6        0x0 ./Free_RTOS/queue.o
 .bss           0x008000c6        0x0 ./Free_RTOS/tasks.o
 .bss           0x008000c6        0x0 ./Free_RTOS/timers.o
 .bss           0x008000c6        0x0 ./main.o
 .bss           0x008000c6        0x0 d:/imt/00-tools/03-imt sdk/03- imt sdk/imt_sdk_win_64/winavr/bin/../lib/gcc/avr/4.3.3/avr5\libgcc.a(_udivmodsi4.o)
 .bss           0x008000c6        0x0 d:/imt/00-tools/03-imt sdk/03- imt sdk/imt_sdk_win_64/winavr/bin/../lib/gcc/avr/4.3.3/avr5\libgcc.a(_exit.o)
 .bss           0x008000c6        0x0 d:/imt/00-tools/03-imt sdk/03- imt sdk/imt_sdk_win_64/winavr/bin/../lib/gcc/avr/4.3.3/avr5\libgcc.a(_copy_data.o)
 .bss           0x008000c6        0x0 d:/imt/00-tools/03-imt sdk/03- imt sdk/imt_sdk_win_64/winavr/bin/../lib/gcc/avr/4.3.3/avr5\libgcc.a(_clear_bss.o)
 .bss           0x008000c6        0x0 d:/imt/00-tools/03-imt sdk/03- imt sdk/imt_sdk_win_64/winavr/bin/../lib/gcc/avr/4.3.3/../../../../avr/lib/avr5\libc.a(memcpy.o)
 .bss           0x008000c6        0x0 d:/imt/00-tools/03-imt sdk/03- imt sdk/imt_sdk_win_64/winavr/bin/../lib/gcc/avr/4.3.3/../../../../avr/lib/avr5\libc.a(memset.o)
 .bss           0x008000c6        0x0 d:/imt/00-tools/03-imt sdk/03- imt sdk/imt_sdk_win_64/winavr/bin/../lib/gcc/avr/4.3.3/../../../../avr/lib/avr5\libc.a(strncpy.o)
 *(.bss*)
 .bss.pxCurrentCoRoutine
                0x008000c6        0x2 ./Free_RTOS/croutine.o
                0x008000c6                pxCurrentCoRoutine
 .bss.uxTopCoRoutineReadyPriority
                0x008000c8        0x1 ./Free_RTOS/croutine.o
 .bss.xLastTickCount
                0x008000c9        0x2 ./Free_RTOS/croutine.o
 .bss.xPassedTicks
                0x008000cb        0x2 ./Free_RTOS/croutine.o
 .bss.xCoRoutineTickCount
                0x008000cd        0x2 ./Free_RTOS/croutine.o
 .bss.pxReadyCoRoutineLists
                0x008000cf       0x12 ./Free_RTOS/croutine.o
 .bss.xDelayedCoRoutineList1
                0x008000e1        0x9 ./Free_RTOS/croutine.o
 .bss.xDelayedCoRoutineList2
                0x008000ea        0x9 ./Free_RTOS/croutine.o
 .bss.pxDelayedCoRoutineList
                0x008000f3        0x2 ./Free_RTOS/croutine.o
 .bss.pxOverflowDelayedCoRoutineList
                0x008000f5        0x2 ./Free_RTOS/croutine.o
 .bss.xPendingReadyCoRoutineList
                0x008000f7        0x9 ./Free_RTOS/croutine.o
 .bss.xNextFreeByte
                0x00800100        0x2 ./Free_RTOS/heap_1.o
 .bss.xHeap     0x00800102      0x3e8 ./Free_RTOS/heap_1.o
 .bss.pxCurrentTCB
                0x008004ea        0x2 ./Free_RTOS/tasks.o
                0x008004ea                pxCurrentTCB
 .bss.xMissedYield
                0x008004ec        0x1 ./Free_RTOS/tasks.o
 .bss.xNumOfOverflows
                0x008004ed        0x1 ./Free_RTOS/tasks.o
 .bss.xTickCount
                0x008004ee        0x2 ./Free_RTOS/tasks.o
 .bss.uxSchedulerSuspended
                0x008004f0        0x1 ./Free_RTOS/tasks.o
 .bss.uxTopReadyPriority
                0x008004f1        0x1 ./Free_RTOS/tasks.o
 .bss.uxMissedTicks
                0x008004f2        0x1 ./Free_RTOS/tasks.o
 .bss.uxCurrentNumberOfTasks
                0x008004f3        0x1 ./Free_RTOS/tasks.o
 .bss.xSchedulerRunning
                0x008004f4        0x1 ./Free_RTOS/tasks.o
 .bss.uxTasksDeleted
                0x008004f5        0x1 ./Free_RTOS/tasks.o
 .bss.uxTaskNumber
                0x008004f6        0x1 ./Free_RTOS/tasks.o
 .bss.uxTopUsedPriority
                0x008004f7        0x1 ./Free_RTOS/tasks.o
 .bss.pxReadyTasksLists
                0x008004f8       0x2d ./Free_RTOS/tasks.o
 .bss.xDelayedTaskList1
                0x00800525        0x9 ./Free_RTOS/tasks.o
 .bss.xDelayedTaskList2
                0x0080052e        0x9 ./Free_RTOS/tasks.o
 .bss.pxDelayedTaskList
                0x00800537        0x2 ./Free_RTOS/tasks.o
 .bss.pxOverflowDelayedTaskList
                0x00800539        0x2 ./Free_RTOS/tasks.o
 .bss.xPendingReadyList
                0x0080053b        0x9 ./Free_RTOS/tasks.o
 .bss.xTasksWaitingTermination
                0x00800544        0x9 ./Free_RTOS/tasks.o
 .bss.Hold_Flag
                0x0080054d        0x1 ./main.o
                0x0080054d                Hold_Flag
 .bss.enter_password
                0x0080054e        0x4 ./main.o
                0x0080054e                enter_password
 .bss.Flag      0x00800552        0x1 ./main.o
                0x00800552                Flag
 .bss.Local_u8counterpassword.1546
                0x00800553        0x1 ./main.o
 *(COMMON)
 COMMON         0x00800554        0x2 ./MCAL/TIMER/TIMER_Program.o
                0x00800554                TIMER0_CallBack
 COMMON         0x00800556        0x2 ./MCAL/MADC/MADC_Program.o
                0x00800556                MADC_CallBack
 COMMON         0x00800558        0x1 ./main.o
                0x00800558                SW_Flag
                0x00800559                PROVIDE (__bss_end, .)
                0x000023a6                __data_load_start = LOADADDR (.data)
                0x0000240c                __data_load_end = (__data_load_start + SIZEOF (.data))

.noinit         0x00800559        0x0
                0x00800559                PROVIDE (__noinit_start, .)
 *(.noinit*)
                0x00800559                PROVIDE (__noinit_end, .)
                0x00800559                _end = .
                0x00800559                PROVIDE (__heap_start, .)

.eeprom         0x00810000        0x0
 *(.eeprom*)
                0x00810000                __eeprom_end = .

.fuse
 *(.fuse)
 *(.lfuse)
 *(.hfuse)
 *(.efuse)

.lock
 *(.lock*)

.signature
 *(.signature*)

.stab
 *(.stab)

.stabstr
 *(.stabstr)

.stab.excl
 *(.stab.excl)

.stab.exclstr
 *(.stab.exclstr)

.stab.index
 *(.stab.index)

.stab.indexstr
 *(.stab.indexstr)

.comment
 *(.comment)

.debug
 *(.debug)

.line
 *(.line)

.debug_srcinfo
 *(.debug_srcinfo)

.debug_sfnames
 *(.debug_sfnames)

.debug_aranges
 *(.debug_aranges)

.debug_pubnames
 *(.debug_pubnames)

.debug_info
 *(.debug_info)
 *(.gnu.linkonce.wi.*)

.debug_abbrev
 *(.debug_abbrev)

.debug_line
 *(.debug_line)

.debug_frame
 *(.debug_frame)

.debug_str
 *(.debug_str)

.debug_loc
 *(.debug_loc)

.debug_macinfo
 *(.debug_macinfo)
OUTPUT(RTOS.elf elf32-avr)
LOAD linker stubs
